[23:09:04] [main/INFO]: Loading Minecraft 1.21.1 with Fabric Loader 0.16.3
[23:09:05] [main/INFO]: Loading 4 mods:
	- fabricloader 0.16.3
	   \-- mixinextras 0.4.1
	- java 21
	- minecraft 1.21.1
[23:09:05] [main/INFO]: SpongePowered MIXIN Subsystem Version=0.8.7 Source=file:/workspaces/MIne/servidor_minecraft/libraries/net/fabricmc/sponge-mixin/0.15.2+mixin.0.8.7/sponge-mixin-0.15.2+mixin.0.8.7.jar Service=Knot/Fabric Env=SERVER
[23:09:18] [main/INFO]: Environment: Environment[sessionHost=https://sessionserver.mojang.com, servicesHost=https://api.minecraftservices.com, name=PROD]
[23:09:21] [main/INFO]: Loaded 1290 recipes
[23:09:22] [main/INFO]: Loaded 1399 advancements
[23:09:22] [Server thread/INFO]: Starting minecraft server version 1.21.1
[23:09:22] [Server thread/INFO]: Loading properties
[23:09:22] [Server thread/INFO]: Default game type: SURVIVAL
[23:09:22] [Server thread/INFO]: Generating keypair
[23:09:23] [Server thread/INFO]: Starting Minecraft server on *:25565
[23:09:23] [Server thread/INFO]: Using epoll channel type
[23:09:23] [Server thread/WARN]: **** SERVER IS RUNNING IN OFFLINE/INSECURE MODE!
[23:09:23] [Server thread/WARN]: The server will make no attempt to authenticate usernames. Beware.
[23:09:23] [Server thread/WARN]: While this makes the game possible to play without internet access, it also opens up the ability for hackers to connect with any username they choose.
[23:09:23] [Server thread/WARN]: To change this, set "online-mode" to "true" in the server.properties file.
[23:09:23] [Server thread/INFO]: Preparing level "world"
[23:09:31] [Server thread/INFO]: Preparing start region for dimension minecraft:overworld
[23:09:32] [Worker-Main-1/INFO]: Preparing spawn area: 0%
[23:09:32] [Worker-Main-1/INFO]: Preparing spawn area: 0%
[23:09:32] [Server thread/INFO]: Time elapsed: 997 ms
[23:09:32] [Server thread/INFO]: Done (9.421s)! For help, type "help"
[23:10:16] [Server thread/INFO]: XxMatos15[/172.28.131.63:62052] logged in with entity id 17 at (724.5411423067081, 64.0, -4829.783261672523)
[23:10:16] [Server thread/INFO]: XxMatos15 joined the game
[23:10:58] [Server thread/INFO]: Ram_Tz[/172.28.72.140:53303] logged in with entity id 420 at (100.88445319522738, 49.0, 0.5604165227159458)
[23:10:58] [Server thread/INFO]: Ram_Tz joined the game
[23:11:01] [Server thread/INFO]: [XxMatos15: Reloading!]
[23:11:01] [Server thread/INFO]: Loaded 1290 recipes
[23:11:02] [Server thread/INFO]: Loaded 1399 advancements
[23:11:02] [Server thread/WARN]: Can't keep up! Is the server overloaded? Running 4371ms or 87 ticks behind
[23:11:50] [Server thread/INFO]: Ram_Tz was killed
[23:11:50] [Server thread/INFO]: [Ram_Tz: Killed Ram_Tz]
[23:11:50] [Server thread/INFO]: [XxMatos15: Teleported XxMatos15 to Ram_Tz]
[23:12:02] [Server thread/INFO]: [Not Secure] <Ram_Tz> ven
[23:12:05] [Server thread/INFO]: [XxMatos15: Teleported XxMatos15 to Ram_Tz]
[23:12:37] [Server thread/INFO]: [XxMatos15: Set the weather to rain & thunder]
[23:12:42] [Server thread/INFO]: [Not Secure] <Ram_Tz> acá vamo a comenzar p
[23:12:57] [Server thread/INFO]: Locating element #minecraft:allows_tropical_fish_spawns_at_any_height (minecraft:lush_caves) took 88 ms
[23:13:00] [Server thread/INFO]: [XxMatos15: Teleported XxMatos15 to 4940.500000, 13.000000, 2224.500000]
[23:13:04] [Server thread/WARN]: Can't keep up! Is the server overloaded? Running 3641ms or 72 ticks behind
[23:13:59] [Server thread/INFO]: [XxMatos15: Set the weather to clear]
[23:14:00] [Server thread/INFO]: Villager class_1646['Villager'/12, l='ServerLevel[world]', x=4465.70, y=64.18, z=2490.49] died, message: 'Villager was slain by Zombie'
[23:14:29] [Server thread/INFO]: Locating element #minecraft:has_structure/village_taiga (minecraft:taiga) took 0 ms
[23:14:35] [Server thread/INFO]: [XxMatos15: Teleported XxMatos15 to 4970.500000, 116.000000, 2250.500000]
[23:14:52] [Server thread/INFO]: [XxMatos15: Teleported XxMatos15 to 4970.500000, 116.000000, 2250.500000]
[23:14:57] [Server thread/INFO]: Villager class_1646['Villager'/1, l='ServerLevel[world]', x=4464.02, y=62.00, z=2484.46] died, message: 'Villager was slain by Zombie'
[23:15:03] [Server thread/INFO]: [XxMatos15: Teleported XxMatos15 to Ram_Tz]
[23:15:36] [Server thread/INFO]: [XxMatos15: Successfully filled 52 block(s)]
[23:15:44] [Server thread/INFO]: Villager class_1646['Villager'/2, l='ServerLevel[world]', x=4515.49, y=66.00, z=2474.82] died, message: 'Villager was blown up by XxMatos15'
[23:15:50] [Server thread/INFO]: Locating element minecraft:stronghold took 31 ms
[23:16:21] [Server thread/INFO]: [Ram_Tz: Teleported Ram_Tz to 5600.500000, 84.618136, 1376.500000]
[23:17:08] [Server thread/INFO]: [Ram_Tz: Set own game mode to Spectator Mode]
[23:17:17] [Server thread/INFO]: [XxMatos15: Teleported XxMatos15 to Ram_Tz]
[23:17:28] [Server thread/INFO]: [XxMatos15: Teleported XxMatos15 to Ram_Tz]
[23:17:29] [Server thread/INFO]: XxMatos15 has made the advancement [Eye Spy]
[23:17:32] [Server thread/INFO]: [Ram_Tz: Set own game mode to Survival Mode]
[23:17:42] [Server thread/INFO]: [XxMatos15: Teleported XxMatos15 to Ram_Tz]
[23:17:59] [Server thread/INFO]: [Not Secure] <Ram_Tz> abre eI cofre este vro
[23:18:33] [Server thread/INFO]: [XxMatos15: Successfully filled 1296 block(s)]
[23:18:35] [Server thread/INFO]: Ram_Tz lost connection: Disconnected
[23:18:35] [Server thread/INFO]: Ram_Tz left the game
[23:18:41] [Server thread/WARN]: Can't keep up! Is the server overloaded? Running 2240ms or 44 ticks behind
